// Jest Snapshot v1, https://goo.gl/fbAQLP

exports[`app render 1`] = `
<div
  className="App"
>
  <h3>
    Ogden's Simplified Spellchecker!
  </h3>
  <UserInputBox
    setUserInputString={[Function]}
    userInputString="it is hard to make good sentences with this dictionary"
  />
  <OutputBox
    wordArray={
      Array [
        Object {
          "spelling": undefined,
          "word": "it",
        },
        Object {
          "spelling": undefined,
          "word": "is",
        },
        Object {
          "spelling": true,
          "word": "hard",
        },
        Object {
          "spelling": true,
          "word": "to",
        },
        Object {
          "spelling": true,
          "word": "make",
        },
        Object {
          "spelling": true,
          "word": "good",
        },
        Object {
          "spelling": undefined,
          "word": "sentences",
        },
        Object {
          "spelling": true,
          "word": "with",
        },
        Object {
          "spelling": true,
          "word": "this",
        },
        Object {
          "spelling": undefined,
          "word": "dictionary",
        },
      ]
    }
  />
</div>
`;
